--------------------------------------------------------------------------------------
Timing Analyzer Summary
--------------------------------------------------------------------------------------

Type           : Worst-case tsu
Slack          : N/A
Required Time  : None
Actual Time    : 1.359 ns
From           : pin_name21
To             : 74273:inst|17
From Clock     : --
To Clock       : pin_name14
Failed Paths   : 0

Type           : Worst-case tco
Slack          : N/A
Required Time  : None
Actual Time    : 13.900 ns
From           : 74273:inst|14
To             : pin_name7
From Clock     : pin_name12
To Clock       : --
Failed Paths   : 0

Type           : Worst-case th
Slack          : N/A
Required Time  : None
Actual Time    : 0.275 ns
From           : pin_name25
To             : 74273:inst|13
From Clock     : --
To Clock       : pin_name12
Failed Paths   : 0

Type           : Total number of failed paths
Slack          : 
Required Time  : 
Actual Time    : 
From           : 
To             : 
From Clock     : 
To Clock       : 
Failed Paths   : 0

--------------------------------------------------------------------------------------

